Archive member included to satisfy reference by file (symbol)

c:/st/stm32cubeide_1.8.0/stm32cubeide/plugins/com.st.stm32cube.ide.mcu.externaltools.gnu-tools-for-stm32.9-2020-q2-update.win32_2.0.0.202105311346/tools/bin/../lib/gcc/arm-none-eabi/9.3.1/../../../../arm-none-eabi/lib/thumb/v7e-m+dp/hard\libc_nano.a(lib_a-errno.o)
                              ./Core/Src/syscalls.o (__errno)
c:/st/stm32cubeide_1.8.0/stm32cubeide/plugins/com.st.stm32cube.ide.mcu.externaltools.gnu-tools-for-stm32.9-2020-q2-update.win32_2.0.0.202105311346/tools/bin/../lib/gcc/arm-none-eabi/9.3.1/../../../../arm-none-eabi/lib/thumb/v7e-m+dp/hard\libc_nano.a(lib_a-exit.o)
                              c:/st/stm32cubeide_1.8.0/stm32cubeide/plugins/com.st.stm32cube.ide.mcu.externaltools.gnu-tools-for-stm32.9-2020-q2-update.win32_2.0.0.202105311346/tools/bin/../lib/gcc/arm-none-eabi/9.3.1/../../../../arm-none-eabi/lib/thumb/v7e-m+dp/hard/crt0.o (exit)
c:/st/stm32cubeide_1.8.0/stm32cubeide/plugins/com.st.stm32cube.ide.mcu.externaltools.gnu-tools-for-stm32.9-2020-q2-update.win32_2.0.0.202105311346/tools/bin/../lib/gcc/arm-none-eabi/9.3.1/../../../../arm-none-eabi/lib/thumb/v7e-m+dp/hard\libc_nano.a(lib_a-impure.o)
                              c:/st/stm32cubeide_1.8.0/stm32cubeide/plugins/com.st.stm32cube.ide.mcu.externaltools.gnu-tools-for-stm32.9-2020-q2-update.win32_2.0.0.202105311346/tools/bin/../lib/gcc/arm-none-eabi/9.3.1/../../../../arm-none-eabi/lib/thumb/v7e-m+dp/hard\libc_nano.a(lib_a-exit.o) (_global_impure_ptr)
c:/st/stm32cubeide_1.8.0/stm32cubeide/plugins/com.st.stm32cube.ide.mcu.externaltools.gnu-tools-for-stm32.9-2020-q2-update.win32_2.0.0.202105311346/tools/bin/../lib/gcc/arm-none-eabi/9.3.1/../../../../arm-none-eabi/lib/thumb/v7e-m+dp/hard\libc_nano.a(lib_a-init.o)
                              c:/st/stm32cubeide_1.8.0/stm32cubeide/plugins/com.st.stm32cube.ide.mcu.externaltools.gnu-tools-for-stm32.9-2020-q2-update.win32_2.0.0.202105311346/tools/bin/../lib/gcc/arm-none-eabi/9.3.1/../../../../arm-none-eabi/lib/thumb/v7e-m+dp/hard/crt0.o (__libc_init_array)
c:/st/stm32cubeide_1.8.0/stm32cubeide/plugins/com.st.stm32cube.ide.mcu.externaltools.gnu-tools-for-stm32.9-2020-q2-update.win32_2.0.0.202105311346/tools/bin/../lib/gcc/arm-none-eabi/9.3.1/../../../../arm-none-eabi/lib/thumb/v7e-m+dp/hard\libc_nano.a(lib_a-memset.o)
                              c:/st/stm32cubeide_1.8.0/stm32cubeide/plugins/com.st.stm32cube.ide.mcu.externaltools.gnu-tools-for-stm32.9-2020-q2-update.win32_2.0.0.202105311346/tools/bin/../lib/gcc/arm-none-eabi/9.3.1/../../../../arm-none-eabi/lib/thumb/v7e-m+dp/hard/crt0.o (memset)
c:/st/stm32cubeide_1.8.0/stm32cubeide/plugins/com.st.stm32cube.ide.mcu.externaltools.gnu-tools-for-stm32.9-2020-q2-update.win32_2.0.0.202105311346/tools/bin/../lib/gcc/arm-none-eabi/9.3.1/thumb/v7e-m+dp/hard\libgcc.a(_aeabi_uldivmod.o)
                              ./Drivers/STM32F7xx_HAL_Driver/Src/stm32f7xx_hal_rcc.o (__aeabi_uldivmod)
c:/st/stm32cubeide_1.8.0/stm32cubeide/plugins/com.st.stm32cube.ide.mcu.externaltools.gnu-tools-for-stm32.9-2020-q2-update.win32_2.0.0.202105311346/tools/bin/../lib/gcc/arm-none-eabi/9.3.1/thumb/v7e-m+dp/hard\libgcc.a(_udivmoddi4.o)
                              c:/st/stm32cubeide_1.8.0/stm32cubeide/plugins/com.st.stm32cube.ide.mcu.externaltools.gnu-tools-for-stm32.9-2020-q2-update.win32_2.0.0.202105311346/tools/bin/../lib/gcc/arm-none-eabi/9.3.1/thumb/v7e-m+dp/hard\libgcc.a(_aeabi_uldivmod.o) (__udivmoddi4)
c:/st/stm32cubeide_1.8.0/stm32cubeide/plugins/com.st.stm32cube.ide.mcu.externaltools.gnu-tools-for-stm32.9-2020-q2-update.win32_2.0.0.202105311346/tools/bin/../lib/gcc/arm-none-eabi/9.3.1/thumb/v7e-m+dp/hard\libgcc.a(_dvmd_tls.o)
                              c:/st/stm32cubeide_1.8.0/stm32cubeide/plugins/com.st.stm32cube.ide.mcu.externaltools.gnu-tools-for-stm32.9-2020-q2-update.win32_2.0.0.202105311346/tools/bin/../lib/gcc/arm-none-eabi/9.3.1/thumb/v7e-m+dp/hard\libgcc.a(_aeabi_uldivmod.o) (__aeabi_ldiv0)

Allocating common symbols
Common symbol       size              file

htim10              0x4c              ./Core/Src/main.o
uwTick              0x4               ./Drivers/STM32F7xx_HAL_Driver/Src/stm32f7xx_hal.o
pFlash              0x1c              ./Drivers/STM32F7xx_HAL_Driver/Src/stm32f7xx_hal_flash.o

Discarded input sections

 .text          0x0000000000000000        0x0 c:/st/stm32cubeide_1.8.0/stm32cubeide/plugins/com.st.stm32cube.ide.mcu.externaltools.gnu-tools-for-stm32.9-2020-q2-update.win32_2.0.0.202105311346/tools/bin/../lib/gcc/arm-none-eabi/9.3.1/thumb/v7e-m+dp/hard/crti.o
 .data          0x0000000000000000        0x0 c:/st/stm32cubeide_1.8.0/stm32cubeide/plugins/com.st.stm32cube.ide.mcu.externaltools.gnu-tools-for-stm32.9-2020-q2-update.win32_2.0.0.202105311346/tools/bin/../lib/gcc/arm-none-eabi/9.3.1/thumb/v7e-m+dp/hard/crti.o
[...]
Memory Configuration

Name             Origin             Length             Attributes
RAM              0x0000000020000000 0x0000000000080000 xrw
FLASH            0x0000000008000000 0x0000000000200000 xr
*default*        0x0000000000000000 0xffffffffffffffff

Linker script and memory map

LOAD c:/st/stm32cubeide_1.8.0/stm32cubeide/plugins/com.st.stm32cube.ide.mcu.externaltools.gnu-tools-for-stm32.9-2020-q2-update.win32_2.0.0.202105311346/tools/bin/../lib/gcc/arm-none-eabi/9.3.1/thumb/v7e-m+dp/hard/crti.o
LOAD c:/st/stm32cubeide_1.8.0/stm32cubeide/plugins/com.st.stm32cube.ide.mcu.externaltools.gnu-tools-for-stm32.9-2020-q2-update.win32_2.0.0.202105311346/tools/bin/../lib/gcc/arm-none-eabi/9.3.1/thumb/v7e-m+dp/hard/crtbegin.o
LOAD c:/st/stm32cubeide_1.8.0/stm32cubeide/plugins/com.st.stm32cube.ide.mcu.externaltools.gnu-tools-for-stm32.9-2020-q2-update.win32_2.0.0.202105311346/tools/bin/../lib/gcc/arm-none-eabi/9.3.1/../../../../arm-none-eabi/lib/thumb/v7e-m+dp/hard/crt0.o
LOAD ./Core/Src/main.o
LOAD ./Core/Src/stm32f7xx_hal_msp.o
LOAD ./Core/Src/stm32f7xx_it.o
LOAD ./Core/Src/syscalls.o
LOAD ./Core/Src/sysmem.o
LOAD ./Core/Src/system_stm32f7xx.o
LOAD ./Core/Startup/startup_stm32f767zitx.o
LOAD ./Drivers/STM32F7xx_HAL_Driver/Src/stm32f7xx_hal.o
LOAD ./Drivers/STM32F7xx_HAL_Driver/Src/stm32f7xx_hal_cortex.o
LOAD ./Drivers/STM32F7xx_HAL_Driver/Src/stm32f7xx_hal_dma.o
LOAD ./Drivers/STM32F7xx_HAL_Driver/Src/stm32f7xx_hal_dma_ex.o
LOAD ./Drivers/STM32F7xx_HAL_Driver/Src/stm32f7xx_hal_exti.o
LOAD ./Drivers/STM32F7xx_HAL_Driver/Src/stm32f7xx_hal_flash.o
LOAD ./Drivers/STM32F7xx_HAL_Driver/Src/stm32f7xx_hal_flash_ex.o
LOAD ./Drivers/STM32F7xx_HAL_Driver/Src/stm32f7xx_hal_gpio.o
LOAD ./Drivers/STM32F7xx_HAL_Driver/Src/stm32f7xx_hal_i2c.o
LOAD ./Drivers/STM32F7xx_HAL_Driver/Src/stm32f7xx_hal_i2c_ex.o
LOAD ./Drivers/STM32F7xx_HAL_Driver/Src/stm32f7xx_hal_pwr.o
LOAD ./Drivers/STM32F7xx_HAL_Driver/Src/stm32f7xx_hal_pwr_ex.o
LOAD ./Drivers/STM32F7xx_HAL_Driver/Src/stm32f7xx_hal_rcc.o
LOAD ./Drivers/STM32F7xx_HAL_Driver/Src/stm32f7xx_hal_rcc_ex.o
LOAD ./Drivers/STM32F7xx_HAL_Driver/Src/stm32f7xx_hal_tim.o
LOAD ./Drivers/STM32F7xx_HAL_Driver/Src/stm32f7xx_hal_tim_ex.o
START GROUP
LOAD c:/st/stm32cubeide_1.8.0/stm32cubeide/plugins/com.st.stm32cube.ide.mcu.externaltools.gnu-tools-for-stm32.9-2020-q2-update.win32_2.0.0.202105311346/tools/bin/../lib/gcc/arm-none-eabi/9.3.1/../../../../arm-none-eabi/lib/thumb/v7e-m+dp/hard\libc_nano.a
LOAD c:/st/stm32cubeide_1.8.0/stm32cubeide/plugins/com.st.stm32cube.ide.mcu.externaltools.gnu-tools-for-stm32.9-2020-q2-update.win32_2.0.0.202105311346/tools/bin/../lib/gcc/arm-none-eabi/9.3.1/../../../../arm-none-eabi/lib/thumb/v7e-m+dp/hard\libm.a
END GROUP
START GROUP
LOAD c:/st/stm32cubeide_1.8.0/stm32cubeide/plugins/com.st.stm32cube.ide.mcu.externaltools.gnu-tools-for-stm32.9-2020-q2-update.win32_2.0.0.202105311346/tools/bin/../lib/gcc/arm-none-eabi/9.3.1/thumb/v7e-m+dp/hard\libgcc.a
LOAD c:/st/stm32cubeide_1.8.0/stm32cubeide/plugins/com.st.stm32cube.ide.mcu.externaltools.gnu-tools-for-stm32.9-2020-q2-update.win32_2.0.0.202105311346/tools/bin/../lib/gcc/arm-none-eabi/9.3.1/../../../../arm-none-eabi/lib/thumb/v7e-m+dp/hard\libc_nano.a
END GROUP
START GROUP
LOAD c:/st/stm32cubeide_1.8.0/stm32cubeide/plugins/com.st.stm32cube.ide.mcu.externaltools.gnu-tools-for-stm32.9-2020-q2-update.win32_2.0.0.202105311346/tools/bin/../lib/gcc/arm-none-eabi/9.3.1/thumb/v7e-m+dp/hard\libgcc.a
LOAD c:/st/stm32cubeide_1.8.0/stm32cubeide/plugins/com.st.stm32cube.ide.mcu.externaltools.gnu-tools-for-stm32.9-2020-q2-update.win32_2.0.0.202105311346/tools/bin/../lib/gcc/arm-none-eabi/9.3.1/../../../../arm-none-eabi/lib/thumb/v7e-m+dp/hard\libc_nano.a
LOAD c:/st/stm32cubeide_1.8.0/stm32cubeide/plugins/com.st.stm32cube.ide.mcu.externaltools.gnu-tools-for-stm32.9-2020-q2-update.win32_2.0.0.202105311346/tools/bin/../lib/gcc/arm-none-eabi/9.3.1/../../../../arm-none-eabi/lib/thumb/v7e-m+dp/hard\libnosys.a
END GROUP
START GROUP
LOAD c:/st/stm32cubeide_1.8.0/stm32cubeide/plugins/com.st.stm32cube.ide.mcu.externaltools.gnu-tools-for-stm32.9-2020-q2-update.win32_2.0.0.202105311346/tools/bin/../lib/gcc/arm-none-eabi/9.3.1/thumb/v7e-m+dp/hard\libgcc.a
LOAD c:/st/stm32cubeide_1.8.0/stm32cubeide/plugins/com.st.stm32cube.ide.mcu.externaltools.gnu-tools-for-stm32.9-2020-q2-update.win32_2.0.0.202105311346/tools/bin/../lib/gcc/arm-none-eabi/9.3.1/../../../../arm-none-eabi/lib/thumb/v7e-m+dp/hard\libc_nano.a
LOAD c:/st/stm32cubeide_1.8.0/stm32cubeide/plugins/com.st.stm32cube.ide.mcu.externaltools.gnu-tools-for-stm32.9-2020-q2-update.win32_2.0.0.202105311346/tools/bin/../lib/gcc/arm-none-eabi/9.3.1/../../../../arm-none-eabi/lib/thumb/v7e-m+dp/hard\libnosys.a
END GROUP
LOAD c:/st/stm32cubeide_1.8.0/stm32cubeide/plugins/com.st.stm32cube.ide.mcu.externaltools.gnu-tools-for-stm32.9-2020-q2-update.win32_2.0.0.202105311346/tools/bin/../lib/gcc/arm-none-eabi/9.3.1/thumb/v7e-m+dp/hard/crtend.o
LOAD c:/st/stm32cubeide_1.8.0/stm32cubeide/plugins/com.st.stm32cube.ide.mcu.externaltools.gnu-tools-for-stm32.9-2020-q2-update.win32_2.0.0.202105311346/tools/bin/../lib/gcc/arm-none-eabi/9.3.1/thumb/v7e-m+dp/hard/crtn.o
                0x0000000020080000                _estack = (ORIGIN (RAM) + LENGTH (RAM))
                0x0000000000000200                _Min_Heap_Size = 0x200
                0x0000000000000400                _Min_Stack_Size = 0x400

.isr_vector     0x0000000008000000      0x1f8
                0x0000000008000000                . = ALIGN (0x4)
 *(.isr_vector)
 .isr_vector    0x0000000008000000      0x1f8 ./Core/Startup/startup_stm32f767zitx.o
                0x0000000008000000                g_pfnVectors
                0x00000000080001f8                . = ALIGN (0x4)

.text           0x00000000080001f8     0x22f8
                0x00000000080001f8                . = ALIGN (0x4)
 *(.text)
 .text          0x00000000080001f8       0x40 c:/st/stm32cubeide_1.8.0/stm32cubeide/plugins/com.st.stm32cube.ide.mcu.externaltools.gnu-tools-for-stm32.9-2020-q2-update.win32_2.0.0.202105311346/tools/bin/../lib/gcc/arm-none-eabi/9.3.1/thumb/v7e-m+dp/hard/crtbegin.o
 .text          0x0000000008000238       0x30 c:/st/stm32cubeide_1.8.0/stm32cubeide/plugins/com.st.stm32cube.ide.mcu.externaltools.gnu-tools-for-stm32.9-2020-q2-update.win32_2.0.0.202105311346/tools/bin/../lib/gcc/arm-none-eabi/9.3.1/thumb/v7e-m+dp/hard\libgcc.a(_aeabi_uldivmod.o)
                0x0000000008000238                __aeabi_uldivmod
 .text          0x0000000008000268      0x2c4 c:/st/stm32cubeide_1.8.0/stm32cubeide/plugins/com.st.stm32cube.ide.mcu.externaltools.gnu-tools-for-stm32.9-2020-q2-update.win32_2.0.0.202105311346/tools/bin/../lib/gcc/arm-none-eabi/9.3.1/thumb/v7e-m+dp/hard\libgcc.a(_udivmoddi4.o)
                0x0000000008000268                __udivmoddi4
 .text          0x000000000800052c        0x4 c:/st/stm32cubeide_1.8.0/stm32cubeide/plugins/com.st.stm32cube.ide.mcu.externaltools.gnu-tools-for-stm32.9-2020-q2-update.win32_2.0.0.202105311346/tools/bin/../lib/gcc/arm-none-eabi/9.3.1/thumb/v7e-m+dp/hard\libgcc.a(_dvmd_tls.o)
                0x000000000800052c                __aeabi_idiv0
                0x000000000800052c                __aeabi_ldiv0
 *(.text*)
 .text.main     0x0000000008000530       0x20 ./Core/Src/main.o
                0x0000000008000530                main
 .text.HAL_TIM_PeriodElapsedCallback
                0x0000000008000550       0x1c ./Core/Src/main.o
                0x0000000008000550                HAL_TIM_PeriodElapsedCallback
 .text.SystemClock_Config
                0x000000000800056c       0xd0 ./Core/Src/main.o
                0x000000000800056c                SystemClock_Config
 .text.MX_TIM10_Init
                0x000000000800063c       0x98 ./Core/Src/main.o
 .text.MX_GPIO_Init
                0x00000000080006d4       0x7c ./Core/Src/main.o
 .text.Error_Handler
                0x0000000008000750        0xa ./Core/Src/main.o
                0x0000000008000750                Error_Handler
 *fill*         0x000000000800075a        0x2 
 .text.HAL_MspInit
                0x000000000800075c       0x48 ./Core/Src/stm32f7xx_hal_msp.o
                0x000000000800075c                HAL_MspInit
 .text.HAL_TIM_Base_MspInit
                0x00000000080007a4       0x4c ./Core/Src/stm32f7xx_hal_msp.o
                0x00000000080007a4                HAL_TIM_Base_MspInit
 .text.NMI_Handler
                0x00000000080007f0        0x6 ./Core/Src/stm32f7xx_it.o
                0x00000000080007f0                NMI_Handler
 .text.HardFault_Handler
                0x00000000080007f6        0x6 ./Core/Src/stm32f7xx_it.o
                0x00000000080007f6                HardFault_Handler
 .text.MemManage_Handler
                0x00000000080007fc        0x6 ./Core/Src/stm32f7xx_it.o
                0x00000000080007fc                MemManage_Handler
 .text.BusFault_Handler
                0x0000000008000802        0x6 ./Core/Src/stm32f7xx_it.o
                0x0000000008000802                BusFault_Handler
 .text.UsageFault_Handler
                0x0000000008000808        0x6 ./Core/Src/stm32f7xx_it.o
                0x0000000008000808                UsageFault_Handler
 .text.SVC_Handler
                0x000000000800080e        0xe ./Core/Src/stm32f7xx_it.o
                0x000000000800080e                SVC_Handler
 .text.DebugMon_Handler
                0x000000000800081c        0xe ./Core/Src/stm32f7xx_it.o
                0x000000000800081c                DebugMon_Handler
 .text.PendSV_Handler
                0x000000000800082a        0xe ./Core/Src/stm32f7xx_it.o
                0x000000000800082a                PendSV_Handler
 .text.SysTick_Handler
                0x0000000008000838        0xc ./Core/Src/stm32f7xx_it.o
                0x0000000008000838                SysTick_Handler
 .text.TIM1_UP_TIM10_IRQHandler
                0x0000000008000844       0x14 ./Core/Src/stm32f7xx_it.o
                0x0000000008000844                TIM1_UP_TIM10_IRQHandler
 .text.SystemInit
                0x0000000008000858       0x24 ./Core/Src/system_stm32f7xx.o
                0x0000000008000858                SystemInit
 .text.Reset_Handler
                0x000000000800087c       0x50 ./Core/Startup/startup_stm32f767zitx.o
                0x000000000800087c                Reset_Handler
 .text.Default_Handler
                0x00000000080008cc        0x2 ./Core/Startup/startup_stm32f767zitx.o
                0x00000000080008cc                RTC_Alarm_IRQHandler
                0x00000000080008cc                EXTI2_IRQHandler
                0x00000000080008cc                TIM8_CC_IRQHandler
                0x00000000080008cc                UART8_IRQHandler
                0x00000000080008cc                SPI4_IRQHandler
                0x00000000080008cc                TIM1_CC_IRQHandler
                0x00000000080008cc                DMA2_Stream5_IRQHandler
                0x00000000080008cc                JPEG_IRQHandler
                0x00000000080008cc                DMA1_Stream5_IRQHandler
                0x00000000080008cc                CAN3_RX1_IRQHandler
                0x00000000080008cc                PVD_IRQHandler
                0x00000000080008cc                TAMP_STAMP_IRQHandler
                0x00000000080008cc                CAN2_RX1_IRQHandler
                0x00000000080008cc                EXTI3_IRQHandler
                0x00000000080008cc                TIM8_TRG_COM_TIM14_IRQHandler
                0x00000000080008cc                DFSDM1_FLT1_IRQHandler
                0x00000000080008cc                TIM8_UP_TIM13_IRQHandler
                0x00000000080008cc                I2C3_ER_IRQHandler
                0x00000000080008cc                DFSDM1_FLT2_IRQHandler
                0x00000000080008cc                EXTI0_IRQHandler
                0x00000000080008cc                I2C2_EV_IRQHandler
                0x00000000080008cc                DMA1_Stream2_IRQHandler
                0x00000000080008cc                CAN1_RX0_IRQHandler
                0x00000000080008cc                FPU_IRQHandler
                0x00000000080008cc                OTG_HS_WKUP_IRQHandler
                0x00000000080008cc                CAN3_SCE_IRQHandler
                0x00000000080008cc                LTDC_ER_IRQHandler
                0x00000000080008cc                CAN2_SCE_IRQHandler
                0x00000000080008cc                DMA2_Stream2_IRQHandler
                0x00000000080008cc                SPI1_IRQHandler
                0x00000000080008cc                TIM6_DAC_IRQHandler
                0x00000000080008cc                TIM1_BRK_TIM9_IRQHandler
                0x00000000080008cc                DCMI_IRQHandler
                0x00000000080008cc                CAN2_RX0_IRQHandler
                0x00000000080008cc                DMA2_Stream3_IRQHandler
                0x00000000080008cc                SAI2_IRQHandler
                0x00000000080008cc                DFSDM1_FLT3_IRQHandler
                0x00000000080008cc                USART6_IRQHandler
                0x00000000080008cc                CAN3_RX0_IRQHandler
                0x00000000080008cc                USART3_IRQHandler
                0x00000000080008cc                CAN1_RX1_IRQHandler
                0x00000000080008cc                UART5_IRQHandler
                0x00000000080008cc                DMA2_Stream0_IRQHandler
                0x00000000080008cc                TIM4_IRQHandler
                0x00000000080008cc                QUADSPI_IRQHandler
                0x00000000080008cc                I2C1_EV_IRQHandler
                0x00000000080008cc                DMA1_Stream6_IRQHandler
                0x00000000080008cc                DMA1_Stream1_IRQHandler
                0x00000000080008cc                UART4_IRQHandler
                0x00000000080008cc                TIM3_IRQHandler
                0x00000000080008cc                RCC_IRQHandler
                0x00000000080008cc                TIM8_BRK_TIM12_IRQHandler
                0x00000000080008cc                Default_Handler
                0x00000000080008cc                CEC_IRQHandler
                0x00000000080008cc                EXTI15_10_IRQHandler
                0x00000000080008cc                ADC_IRQHandler
                0x00000000080008cc                DMA1_Stream7_IRQHandler
                0x00000000080008cc                SPI5_IRQHandler
                0x00000000080008cc                TIM7_IRQHandler
                0x00000000080008cc                SDMMC1_IRQHandler
                0x00000000080008cc                CAN2_TX_IRQHandler
                0x00000000080008cc                TIM5_IRQHandler
                0x00000000080008cc                DMA2_Stream7_IRQHandler
                0x00000000080008cc                I2C3_EV_IRQHandler
                0x00000000080008cc                EXTI9_5_IRQHandler
                0x00000000080008cc                RTC_WKUP_IRQHandler
                0x00000000080008cc                LTDC_IRQHandler
                0x00000000080008cc                ETH_WKUP_IRQHandler
                0x00000000080008cc                SPDIF_RX_IRQHandler
                0x00000000080008cc                SPI2_IRQHandler
                0x00000000080008cc                OTG_HS_EP1_IN_IRQHandler
                0x00000000080008cc                DMA1_Stream0_IRQHandler
                0x00000000080008cc                CAN1_TX_IRQHandler
                0x00000000080008cc                EXTI4_IRQHandler
                0x00000000080008cc                RNG_IRQHandler
                0x00000000080008cc                ETH_IRQHandler
                0x00000000080008cc                OTG_HS_EP1_OUT_IRQHandler
                0x00000000080008cc                WWDG_IRQHandler
                0x00000000080008cc                SPI6_IRQHandler
                0x00000000080008cc                MDIOS_IRQHandler
                0x00000000080008cc                I2C4_EV_IRQHandler
                0x00000000080008cc                CAN3_TX_IRQHandler
                0x00000000080008cc                TIM2_IRQHandler
                0x00000000080008cc                OTG_FS_WKUP_IRQHandler
                0x00000000080008cc                TIM1_TRG_COM_TIM11_IRQHandler
                0x00000000080008cc                OTG_HS_IRQHandler
                0x00000000080008cc                DMA2D_IRQHandler
                0x00000000080008cc                EXTI1_IRQHandler
                0x00000000080008cc                SDMMC2_IRQHandler
                0x00000000080008cc                UART7_IRQHandler
                0x00000000080008cc                USART2_IRQHandler
                0x00000000080008cc                DFSDM1_FLT0_IRQHandler
                0x00000000080008cc                I2C2_ER_IRQHandler
                0x00000000080008cc                DMA2_Stream1_IRQHandler
                0x00000000080008cc                CAN1_SCE_IRQHandler
                0x00000000080008cc                FLASH_IRQHandler
                0x00000000080008cc                DMA2_Stream4_IRQHandler
                0x00000000080008cc                USART1_IRQHandler
                0x00000000080008cc                OTG_FS_IRQHandler
                0x00000000080008cc                SPI3_IRQHandler
                0x00000000080008cc                DMA1_Stream4_IRQHandler
                0x00000000080008cc                I2C1_ER_IRQHandler
                0x00000000080008cc                FMC_IRQHandler
                0x00000000080008cc                LPTIM1_IRQHandler
                0x00000000080008cc                I2C4_ER_IRQHandler
                0x00000000080008cc                DMA2_Stream6_IRQHandler
                0x00000000080008cc                SAI1_IRQHandler
                0x00000000080008cc                DMA1_Stream3_IRQHandler
 .text.HAL_Init
                0x00000000080008ce       0x1a ./Drivers/STM32F7xx_HAL_Driver/Src/stm32f7xx_hal.o
                0x00000000080008ce                HAL_Init
 .text.HAL_InitTick
                0x00000000080008e8       0x60 ./Drivers/STM32F7xx_HAL_Driver/Src/stm32f7xx_hal.o
                0x00000000080008e8                HAL_InitTick
 .text.HAL_IncTick
                0x0000000008000948       0x28 ./Drivers/STM32F7xx_HAL_Driver/Src/stm32f7xx_hal.o
                0x0000000008000948                HAL_IncTick
 .text.HAL_GetTick
                0x0000000008000970       0x18 ./Drivers/STM32F7xx_HAL_Driver/Src/stm32f7xx_hal.o
                0x0000000008000970                HAL_GetTick
 .text.__NVIC_SetPriorityGrouping
                0x0000000008000988       0x48 ./Drivers/STM32F7xx_HAL_Driver/Src/stm32f7xx_hal_cortex.o
 .text.__NVIC_GetPriorityGrouping
                0x00000000080009d0       0x1c ./Drivers/STM32F7xx_HAL_Driver/Src/stm32f7xx_hal_cortex.o
 .text.__NVIC_EnableIRQ
                0x00000000080009ec       0x3c ./Drivers/STM32F7xx_HAL_Driver/Src/stm32f7xx_hal_cortex.o
 .text.__NVIC_SetPriority
                0x0000000008000a28       0x54 ./Drivers/STM32F7xx_HAL_Driver/Src/stm32f7xx_hal_cortex.o
 .text.NVIC_EncodePriority
                0x0000000008000a7c       0x66 ./Drivers/STM32F7xx_HAL_Driver/Src/stm32f7xx_hal_cortex.o
 *fill*         0x0000000008000ae2        0x2 
 .text.SysTick_Config
                0x0000000008000ae4       0x44 ./Drivers/STM32F7xx_HAL_Driver/Src/stm32f7xx_hal_cortex.o
 .text.HAL_NVIC_SetPriorityGrouping
                0x0000000008000b28       0x16 ./Drivers/STM32F7xx_HAL_Driver/Src/stm32f7xx_hal_cortex.o
                0x0000000008000b28                HAL_NVIC_SetPriorityGrouping
 .text.HAL_NVIC_SetPriority
                0x0000000008000b3e       0x38 ./Drivers/STM32F7xx_HAL_Driver/Src/stm32f7xx_hal_cortex.o
                0x0000000008000b3e                HAL_NVIC_SetPriority
 .text.HAL_NVIC_EnableIRQ
                0x0000000008000b76       0x1c ./Drivers/STM32F7xx_HAL_Driver/Src/stm32f7xx_hal_cortex.o
                0x0000000008000b76                HAL_NVIC_EnableIRQ
 .text.HAL_SYSTICK_Config
                0x0000000008000b92       0x18 ./Drivers/STM32F7xx_HAL_Driver/Src/stm32f7xx_hal_cortex.o
                0x0000000008000b92                HAL_SYSTICK_Config
 *fill*         0x0000000008000baa        0x2 
 .text.HAL_GPIO_Init
                0x0000000008000bac      0x358 ./Drivers/STM32F7xx_HAL_Driver/Src/stm32f7xx_hal_gpio.o
                0x0000000008000bac                HAL_GPIO_Init
 .text.HAL_GPIO_WritePin
                0x0000000008000f04       0x32 ./Drivers/STM32F7xx_HAL_Driver/Src/stm32f7xx_hal_gpio.o
                0x0000000008000f04                HAL_GPIO_WritePin
 .text.HAL_GPIO_TogglePin
                0x0000000008000f36       0x34 ./Drivers/STM32F7xx_HAL_Driver/Src/stm32f7xx_hal_gpio.o
                0x0000000008000f36                HAL_GPIO_TogglePin
 *fill*         0x0000000008000f6a        0x2 
 .text.HAL_RCC_OscConfig
                0x0000000008000f6c      0x55c ./Drivers/STM32F7xx_HAL_Driver/Src/stm32f7xx_hal_rcc.o
                0x0000000008000f6c                HAL_RCC_OscConfig
 .text.HAL_RCC_ClockConfig
                0x00000000080014c8      0x1d8 ./Drivers/STM32F7xx_HAL_Driver/Src/stm32f7xx_hal_rcc.o
                0x00000000080014c8                HAL_RCC_ClockConfig
 .text.HAL_RCC_GetSysClockFreq
                0x00000000080016a0      0x1c4 ./Drivers/STM32F7xx_HAL_Driver/Src/stm32f7xx_hal_rcc.o
                0x00000000080016a0                HAL_RCC_GetSysClockFreq
 .text.HAL_TIM_Base_Init
                0x0000000008001864       0xae ./Drivers/STM32F7xx_HAL_Driver/Src/stm32f7xx_hal_tim.o
                0x0000000008001864                HAL_TIM_Base_Init
 *fill*         0x0000000008001912        0x2 
 .text.HAL_TIM_Base_Start_IT
                0x0000000008001914       0xf0 ./Drivers/STM32F7xx_HAL_Driver/Src/stm32f7xx_hal_tim.o
                0x0000000008001914                HAL_TIM_Base_Start_IT
 .text.HAL_TIM_OC_Init
                0x0000000008001a04       0xae ./Drivers/STM32F7xx_HAL_Driver/Src/stm32f7xx_hal_tim.o
                0x0000000008001a04                HAL_TIM_OC_Init
 .text.HAL_TIM_OC_MspInit
                0x0000000008001ab2       0x14 ./Drivers/STM32F7xx_HAL_Driver/Src/stm32f7xx_hal_tim.o
                0x0000000008001ab2                HAL_TIM_OC_MspInit
 .text.HAL_TIM_IRQHandler
                0x0000000008001ac6      0x23e ./Drivers/STM32F7xx_HAL_Driver/Src/stm32f7xx_hal_tim.o
                0x0000000008001ac6                HAL_TIM_IRQHandler
 .text.HAL_TIM_OC_ConfigChannel
                0x0000000008001d04       0xf4 ./Drivers/STM32F7xx_HAL_Driver/Src/stm32f7xx_hal_tim.o
                0x0000000008001d04                HAL_TIM_OC_ConfigChannel
 .text.HAL_TIM_OC_DelayElapsedCallback
                0x0000000008001df8       0x14 ./Drivers/STM32F7xx_HAL_Driver/Src/stm32f7xx_hal_tim.o
                0x0000000008001df8                HAL_TIM_OC_DelayElapsedCallback
 .text.HAL_TIM_IC_CaptureCallback
                0x0000000008001e0c       0x14 ./Drivers/STM32F7xx_HAL_Driver/Src/stm32f7xx_hal_tim.o
                0x0000000008001e0c                HAL_TIM_IC_CaptureCallback
 .text.HAL_TIM_PWM_PulseFinishedCallback
                0x0000000008001e20       0x14 ./Drivers/STM32F7xx_HAL_Driver/Src/stm32f7xx_hal_tim.o
                0x0000000008001e20                HAL_TIM_PWM_PulseFinishedCallback
 .text.HAL_TIM_TriggerCallback
                0x0000000008001e34       0x14 ./Drivers/STM32F7xx_HAL_Driver/Src/stm32f7xx_hal_tim.o
                0x0000000008001e34                HAL_TIM_TriggerCallback
 .text.TIM_Base_SetConfig
                0x0000000008001e48      0x140 ./Drivers/STM32F7xx_HAL_Driver/Src/stm32f7xx_hal_tim.o
                0x0000000008001e48                TIM_Base_SetConfig
 .text.TIM_OC1_SetConfig
                0x0000000008001f88       0xe4 ./Drivers/STM32F7xx_HAL_Driver/Src/stm32f7xx_hal_tim.o
 .text.TIM_OC2_SetConfig
                0x000000000800206c       0xf0 ./Drivers/STM32F7xx_HAL_Driver/Src/stm32f7xx_hal_tim.o
                0x000000000800206c                TIM_OC2_SetConfig
 .text.TIM_OC3_SetConfig
                0x000000000800215c       0xec ./Drivers/STM32F7xx_HAL_Driver/Src/stm32f7xx_hal_tim.o
 .text.TIM_OC4_SetConfig
                0x0000000008002248       0xb0 ./Drivers/STM32F7xx_HAL_Driver/Src/stm32f7xx_hal_tim.o
 .text.TIM_OC5_SetConfig
                0x00000000080022f8       0xa4 ./Drivers/STM32F7xx_HAL_Driver/Src/stm32f7xx_hal_tim.o
 .text.TIM_OC6_SetConfig
                0x000000000800239c       0xa8 ./Drivers/STM32F7xx_HAL_Driver/Src/stm32f7xx_hal_tim.o
 .text.HAL_TIMEx_CommutCallback
                0x0000000008002444       0x14 ./Drivers/STM32F7xx_HAL_Driver/Src/stm32f7xx_hal_tim_ex.o
                0x0000000008002444                HAL_TIMEx_CommutCallback
 .text.HAL_TIMEx_BreakCallback
                0x0000000008002458       0x14 ./Drivers/STM32F7xx_HAL_Driver/Src/stm32f7xx_hal_tim_ex.o
                0x0000000008002458                HAL_TIMEx_BreakCallback
 .text.HAL_TIMEx_Break2Callback
                0x000000000800246c       0x14 ./Drivers/STM32F7xx_HAL_Driver/Src/stm32f7xx_hal_tim_ex.o
                0x000000000800246c                HAL_TIMEx_Break2Callback
 .text.__libc_init_array
                0x0000000008002480       0x48 c:/st/stm32cubeide_1.8.0/stm32cubeide/plugins/com.st.stm32cube.ide.mcu.externaltools.gnu-tools-for-stm32.9-2020-q2-update.win32_2.0.0.202105311346/tools/bin/../lib/gcc/arm-none-eabi/9.3.1/../../../../arm-none-eabi/lib/thumb/v7e-m+dp/hard\libc_nano.a(lib_a-init.o)
                0x0000000008002480                __libc_init_array
 .text.memset   0x00000000080024c8       0x10 c:/st/stm32cubeide_1.8.0/stm32cubeide/plugins/com.st.stm32cube.ide.mcu.externaltools.gnu-tools-for-stm32.9-2020-q2-update.win32_2.0.0.202105311346/tools/bin/../lib/gcc/arm-none-eabi/9.3.1/../../../../arm-none-eabi/lib/thumb/v7e-m+dp/hard\libc_nano.a(lib_a-memset.o)
                0x00000000080024c8                memset
 *(.glue_7)
 .glue_7        0x00000000080024d8        0x0 linker stubs
 *(.glue_7t)
 .glue_7t       0x00000000080024d8        0x0 linker stubs
 *(.eh_frame)
 .eh_frame      0x00000000080024d8        0x0 c:/st/stm32cubeide_1.8.0/stm32cubeide/plugins/com.st.stm32cube.ide.mcu.externaltools.gnu-tools-for-stm32.9-2020-q2-update.win32_2.0.0.202105311346/tools/bin/../lib/gcc/arm-none-eabi/9.3.1/thumb/v7e-m+dp/hard/crtbegin.o
 *(.init)
 .init          0x00000000080024d8        0x4 c:/st/stm32cubeide_1.8.0/stm32cubeide/plugins/com.st.stm32cube.ide.mcu.externaltools.gnu-tools-for-stm32.9-2020-q2-update.win32_2.0.0.202105311346/tools/bin/../lib/gcc/arm-none-eabi/9.3.1/thumb/v7e-m+dp/hard/crti.o
                0x00000000080024d8                _init
 .init          0x00000000080024dc        0x8 c:/st/stm32cubeide_1.8.0/stm32cubeide/plugins/com.st.stm32cube.ide.mcu.externaltools.gnu-tools-for-stm32.9-2020-q2-update.win32_2.0.0.202105311346/tools/bin/../lib/gcc/arm-none-eabi/9.3.1/thumb/v7e-m+dp/hard/crtn.o
 *(.fini)
 .fini          0x00000000080024e4        0x4 c:/st/stm32cubeide_1.8.0/stm32cubeide/plugins/com.st.stm32cube.ide.mcu.externaltools.gnu-tools-for-stm32.9-2020-q2-update.win32_2.0.0.202105311346/tools/bin/../lib/gcc/arm-none-eabi/9.3.1/thumb/v7e-m+dp/hard/crti.o
                0x00000000080024e4                _fini
 .fini          0x00000000080024e8        0x8 c:/st/stm32cubeide_1.8.0/stm32cubeide/plugins/com.st.stm32cube.ide.mcu.externaltools.gnu-tools-for-stm32.9-2020-q2-update.win32_2.0.0.202105311346/tools/bin/../lib/gcc/arm-none-eabi/9.3.1/thumb/v7e-m+dp/hard/crtn.o
                0x00000000080024f0                . = ALIGN (0x4)
                0x00000000080024f0                _etext = .

.vfp11_veneer   0x00000000080024f0        0x0
 .vfp11_veneer  0x00000000080024f0        0x0 linker stubs

.v4_bx          0x00000000080024f0        0x0
 .v4_bx         0x00000000080024f0        0x0 linker stubs

.iplt           0x00000000080024f0        0x0
 .iplt          0x00000000080024f0        0x0 c:/st/stm32cubeide_1.8.0/stm32cubeide/plugins/com.st.stm32cube.ide.mcu.externaltools.gnu-tools-for-stm32.9-2020-q2-update.win32_2.0.0.202105311346/tools/bin/../lib/gcc/arm-none-eabi/9.3.1/thumb/v7e-m+dp/hard/crtbegin.o

.rodata         0x00000000080024f0       0x10
                0x00000000080024f0                . = ALIGN (0x4)
 *(.rodata)
 *(.rodata*)
 .rodata.AHBPrescTable
                0x00000000080024f0       0x10 ./Core/Src/system_stm32f7xx.o
                0x00000000080024f0                AHBPrescTable
                0x0000000008002500                . = ALIGN (0x4)

.ARM.extab      0x0000000008002500        0x0
                0x0000000008002500                . = ALIGN (0x4)
 *(.ARM.extab* .gnu.linkonce.armextab.*)
                0x0000000008002500                . = ALIGN (0x4)

.ARM            0x0000000008002500        0x8
                0x0000000008002500                . = ALIGN (0x4)
                0x0000000008002500                __exidx_start = .
 *(.ARM.exidx*)
 .ARM.exidx     0x0000000008002500        0x8 c:/st/stm32cubeide_1.8.0/stm32cubeide/plugins/com.st.stm32cube.ide.mcu.externaltools.gnu-tools-for-stm32.9-2020-q2-update.win32_2.0.0.202105311346/tools/bin/../lib/gcc/arm-none-eabi/9.3.1/thumb/v7e-m+dp/hard\libgcc.a(_udivmoddi4.o)
                0x0000000008002508                __exidx_end = .
                0x0000000008002508                . = ALIGN (0x4)

.rel.dyn        0x0000000008002508        0x0
 .rel.iplt      0x0000000008002508        0x0 c:/st/stm32cubeide_1.8.0/stm32cubeide/plugins/com.st.stm32cube.ide.mcu.externaltools.gnu-tools-for-stm32.9-2020-q2-update.win32_2.0.0.202105311346/tools/bin/../lib/gcc/arm-none-eabi/9.3.1/thumb/v7e-m+dp/hard/crtbegin.o

.preinit_array  0x0000000008002508        0x0
                0x0000000008002508                . = ALIGN (0x4)
                0x0000000008002508                PROVIDE (__preinit_array_start = .)
 *(.preinit_array*)
                0x0000000008002508                PROVIDE (__preinit_array_end = .)
                0x0000000008002508                . = ALIGN (0x4)

.init_array     0x0000000008002508        0x4
                0x0000000008002508                . = ALIGN (0x4)
                0x0000000008002508                PROVIDE (__init_array_start = .)
 *(SORT_BY_NAME(.init_array.*))
 *(.init_array*)
 .init_array    0x0000000008002508        0x4 c:/st/stm32cubeide_1.8.0/stm32cubeide/plugins/com.st.stm32cube.ide.mcu.externaltools.gnu-tools-for-stm32.9-2020-q2-update.win32_2.0.0.202105311346/tools/bin/../lib/gcc/arm-none-eabi/9.3.1/thumb/v7e-m+dp/hard/crtbegin.o
                0x000000000800250c                PROVIDE (__init_array_end = .)
                0x000000000800250c                . = ALIGN (0x4)

.fini_array     0x000000000800250c        0x4
                0x000000000800250c                . = ALIGN (0x4)
                [!provide]                        PROVIDE (__fini_array_start = .)
 *(SORT_BY_NAME(.fini_array.*))
 *(.fini_array*)
 .fini_array    0x000000000800250c        0x4 c:/st/stm32cubeide_1.8.0/stm32cubeide/plugins/com.st.stm32cube.ide.mcu.externaltools.gnu-tools-for-stm32.9-2020-q2-update.win32_2.0.0.202105311346/tools/bin/../lib/gcc/arm-none-eabi/9.3.1/thumb/v7e-m+dp/hard/crtbegin.o
                [!provide]                        PROVIDE (__fini_array_end = .)
                0x0000000008002510                . = ALIGN (0x4)
                0x0000000008002510                _sidata = LOADADDR (.data)

.data           0x0000000020000000        0xc load address 0x0000000008002510
                0x0000000020000000                . = ALIGN (0x4)
                0x0000000020000000                _sdata = .
 *(.data)
 *(.data*)
 .data.SystemCoreClock
                0x0000000020000000        0x4 ./Core/Src/system_stm32f7xx.o
                0x0000000020000000                SystemCoreClock
 .data.uwTickPrio
                0x0000000020000004        0x4 ./Drivers/STM32F7xx_HAL_Driver/Src/stm32f7xx_hal.o
                0x0000000020000004                uwTickPrio
 .data.uwTickFreq
                0x0000000020000008        0x1 ./Drivers/STM32F7xx_HAL_Driver/Src/stm32f7xx_hal.o
                0x0000000020000008                uwTickFreq
 *(.RamFunc)
 *(.RamFunc*)
                0x000000002000000c                . = ALIGN (0x4)
 *fill*         0x0000000020000009        0x3 
                0x000000002000000c                _edata = .

.igot.plt       0x000000002000000c        0x0 load address 0x000000000800251c
 .igot.plt      0x000000002000000c        0x0 c:/st/stm32cubeide_1.8.0/stm32cubeide/plugins/com.st.stm32cube.ide.mcu.externaltools.gnu-tools-for-stm32.9-2020-q2-update.win32_2.0.0.202105311346/tools/bin/../lib/gcc/arm-none-eabi/9.3.1/thumb/v7e-m+dp/hard/crtbegin.o
                0x000000002000000c                . = ALIGN (0x4)

.bss            0x000000002000000c       0x6c load address 0x000000000800251c
                0x000000002000000c                _sbss = .
                0x000000002000000c                __bss_start__ = _sbss
 *(.bss)
 .bss           0x000000002000000c       0x1c c:/st/stm32cubeide_1.8.0/stm32cubeide/plugins/com.st.stm32cube.ide.mcu.externaltools.gnu-tools-for-stm32.9-2020-q2-update.win32_2.0.0.202105311346/tools/bin/../lib/gcc/arm-none-eabi/9.3.1/thumb/v7e-m+dp/hard/crtbegin.o
 *(.bss*)
 *(COMMON)
 COMMON         0x0000000020000028       0x4c ./Core/Src/main.o
                0x0000000020000028                htim10
 COMMON         0x0000000020000074        0x4 ./Drivers/STM32F7xx_HAL_Driver/Src/stm32f7xx_hal.o
                0x0000000020000074                uwTick
                0x0000000020000078                . = ALIGN (0x4)
                0x0000000020000078                _ebss = .
                0x0000000020000078                __bss_end__ = _ebss

._user_heap_stack
                0x0000000020000078      0x600 load address 0x000000000800251c
                0x0000000020000078                . = ALIGN (0x8)
                [!provide]                        PROVIDE (end = .)
                0x0000000020000078                PROVIDE (_end = .)
                0x0000000020000278                . = (. + _Min_Heap_Size)
 *fill*         0x0000000020000078      0x200 
                0x0000000020000678                . = (. + _Min_Stack_Size)
 *fill*         0x0000000020000278      0x400 
                0x0000000020000678                . = ALIGN (0x8)

/DISCARD/
 libc.a(*)
 libm.a(*)
 libgcc.a(*)

.ARM.attributes
                0x0000000000000000       0x2e
 *(.ARM.attributes)
 .ARM.attributes
                0x0000000000000000       0x1e c:/st/stm32cubeide_1.8.0/stm32cubeide/plugins/com.st.stm32cube.ide.mcu.externaltools.gnu-tools-for-stm32.9-2020-q2-update.win32_2.0.0.202105311346/tools/bin/../lib/gcc/arm-none-eabi/9.3.1/thumb/v7e-m+dp/hard/crti.o
 .ARM.attributes
                0x000000000000001e       0x32 c:/st/stm32cubeide_1.8.0/stm32cubeide/plugins/com.st.stm32cube.ide.mcu.externaltools.gnu-tools-for-stm32.9-2020-q2-update.win32_2.0.0.202105311346/tools/bin/../lib/gcc/arm-none-eabi/9.3.1/thumb/v7e-m+dp/hard/crtbegin.o
 .ARM.attributes
                0x0000000000000050       0x32 ./Core/Src/main.o
 .ARM.attributes
                0x0000000000000082       0x32 ./Core/Src/stm32f7xx_hal_msp.o
 .ARM.attributes
                0x00000000000000b4       0x32 ./Core/Src/stm32f7xx_it.o
 .ARM.attributes
                0x00000000000000e6       0x32 ./Core/Src/system_stm32f7xx.o
 .ARM.attributes
                0x0000000000000118       0x21 ./Core/Startup/startup_stm32f767zitx.o
 .ARM.attributes
                0x0000000000000139       0x32 ./Drivers/STM32F7xx_HAL_Driver/Src/stm32f7xx_hal.o
 .ARM.attributes
                0x000000000000016b       0x32 ./Drivers/STM32F7xx_HAL_Driver/Src/stm32f7xx_hal_cortex.o
 .ARM.attributes
                0x000000000000019d       0x32 ./Drivers/STM32F7xx_HAL_Driver/Src/stm32f7xx_hal_gpio.o
 .ARM.attributes
                0x00000000000001cf       0x32 ./Drivers/STM32F7xx_HAL_Driver/Src/stm32f7xx_hal_rcc.o
 .ARM.attributes
                0x0000000000000201       0x32 ./Drivers/STM32F7xx_HAL_Driver/Src/stm32f7xx_hal_tim.o
 .ARM.attributes
                0x0000000000000233       0x32 ./Drivers/STM32F7xx_HAL_Driver/Src/stm32f7xx_hal_tim_ex.o
 .ARM.attributes
                0x0000000000000265       0x32 c:/st/stm32cubeide_1.8.0/stm32cubeide/plugins/com.st.stm32cube.ide.mcu.externaltools.gnu-tools-for-stm32.9-2020-q2-update.win32_2.0.0.202105311346/tools/bin/../lib/gcc/arm-none-eabi/9.3.1/../../../../arm-none-eabi/lib/thumb/v7e-m+dp/hard\libc_nano.a(lib_a-init.o)
 .ARM.attributes
                0x0000000000000297       0x32 c:/st/stm32cubeide_1.8.0/stm32cubeide/plugins/com.st.stm32cube.ide.mcu.externaltools.gnu-tools-for-stm32.9-2020-q2-update.win32_2.0.0.202105311346/tools/bin/../lib/gcc/arm-none-eabi/9.3.1/../../../../arm-none-eabi/lib/thumb/v7e-m+dp/hard\libc_nano.a(lib_a-memset.o)
 .ARM.attributes
                0x00000000000002c9       0x1e c:/st/stm32cubeide_1.8.0/stm32cubeide/plugins/com.st.stm32cube.ide.mcu.externaltools.gnu-tools-for-stm32.9-2020-q2-update.win32_2.0.0.202105311346/tools/bin/../lib/gcc/arm-none-eabi/9.3.1/thumb/v7e-m+dp/hard\libgcc.a(_aeabi_uldivmod.o)
 .ARM.attributes
                0x00000000000002e7       0x32 c:/st/stm32cubeide_1.8.0/stm32cubeide/plugins/com.st.stm32cube.ide.mcu.externaltools.gnu-tools-for-stm32.9-2020-q2-update.win32_2.0.0.202105311346/tools/bin/../lib/gcc/arm-none-eabi/9.3.1/thumb/v7e-m+dp/hard\libgcc.a(_udivmoddi4.o)
 .ARM.attributes
                0x0000000000000319       0x1e c:/st/stm32cubeide_1.8.0/stm32cubeide/plugins/com.st.stm32cube.ide.mcu.externaltools.gnu-tools-for-stm32.9-2020-q2-update.win32_2.0.0.202105311346/tools/bin/../lib/gcc/arm-none-eabi/9.3.1/thumb/v7e-m+dp/hard\libgcc.a(_dvmd_tls.o)
 .ARM.attributes
                0x0000000000000337       0x1e c:/st/stm32cubeide_1.8.0/stm32cubeide/plugins/com.st.stm32cube.ide.mcu.externaltools.gnu-tools-for-stm32.9-2020-q2-update.win32_2.0.0.202105311346/tools/bin/../lib/gcc/arm-none-eabi/9.3.1/thumb/v7e-m+dp/hard/crtn.o
OUTPUT(timer_TIM10_basic_ledBlink.elf elf32-littlearm)
LOAD linker stubs
LOAD c:/st/stm32cubeide_1.8.0/stm32cubeide/plugins/com.st.stm32cube.ide.mcu.externaltools.gnu-tools-for-stm32.9-2020-q2-update.win32_2.0.0.202105311346/tools/bin/../lib/gcc/arm-none-eabi/9.3.1/../../../../arm-none-eabi/lib/thumb/v7e-m+dp/hard\libc.a
LOAD c:/st/stm32cubeide_1.8.0/stm32cubeide/plugins/com.st.stm32cube.ide.mcu.externaltools.gnu-tools-for-stm32.9-2020-q2-update.win32_2.0.0.202105311346/tools/bin/../lib/gcc/arm-none-eabi/9.3.1/../../../../arm-none-eabi/lib/thumb/v7e-m+dp/hard\libm.a
LOAD c:/st/stm32cubeide_1.8.0/stm32cubeide/plugins/com.st.stm32cube.ide.mcu.externaltools.gnu-tools-for-stm32.9-2020-q2-update.win32_2.0.0.202105311346/tools/bin/../lib/gcc/arm-none-eabi/9.3.1/thumb/v7e-m+dp/hard\libgcc.a

.debug_info     0x0000000000000000     0x9f51
 .debug_info    0x0000000000000000      0xe67 ./Core/Src/main.o
 .debug_info    0x0000000000000e67      0xd18 ./Core/Src/stm32f7xx_hal_msp.o
 .debug_info    0x0000000000001b7f      0x868 ./Core/Src/stm32f7xx_it.o
 .debug_info    0x00000000000023e7      0x7ad ./Core/Src/system_stm32f7xx.o
 .debug_info    0x0000000000002b94       0x22 ./Core/Startup/startup_stm32f767zitx.o
 .debug_info    0x0000000000002bb6      0xab8 ./Drivers/STM32F7xx_HAL_Driver/Src/stm32f7xx_hal.o
 .debug_info    0x000000000000366e     0x1158 ./Drivers/STM32F7xx_HAL_Driver/Src/stm32f7xx_hal_cortex.o
 .debug_info    0x00000000000047c6      0x876 ./Drivers/STM32F7xx_HAL_Driver/Src/stm32f7xx_hal_gpio.o
 .debug_info    0x000000000000503c      0xa28 ./Drivers/STM32F7xx_HAL_Driver/Src/stm32f7xx_hal_rcc.o
 .debug_info    0x0000000000005a64     0x2d5a ./Drivers/STM32F7xx_HAL_Driver/Src/stm32f7xx_hal_tim.o
 .debug_info    0x00000000000087be     0x1793 ./Drivers/STM32F7xx_HAL_Driver/Src/stm32f7xx_hal_tim_ex.o

.debug_abbrev   0x0000000000000000     0x154a
 .debug_abbrev  0x0000000000000000      0x22c ./Core/Src/main.o
 .debug_abbrev  0x000000000000022c      0x1b7 ./Core/Src/stm32f7xx_hal_msp.o
 .debug_abbrev  0x00000000000003e3      0x176 ./Core/Src/stm32f7xx_it.o
 .debug_abbrev  0x0000000000000559      0x165 ./Core/Src/system_stm32f7xx.o
 .debug_abbrev  0x00000000000006be       0x12 ./Core/Startup/startup_stm32f767zitx.o
 .debug_abbrev  0x00000000000006d0      0x1ed ./Drivers/STM32F7xx_HAL_Driver/Src/stm32f7xx_hal.o
 .debug_abbrev  0x00000000000008bd      0x33c ./Drivers/STM32F7xx_HAL_Driver/Src/stm32f7xx_hal_cortex.o
 .debug_abbrev  0x0000000000000bf9      0x1f1 ./Drivers/STM32F7xx_HAL_Driver/Src/stm32f7xx_hal_gpio.o
 .debug_abbrev  0x0000000000000dea      0x29c ./Drivers/STM32F7xx_HAL_Driver/Src/stm32f7xx_hal_rcc.o
 .debug_abbrev  0x0000000000001086      0x25e ./Drivers/STM32F7xx_HAL_Driver/Src/stm32f7xx_hal_tim.o
 .debug_abbrev  0x00000000000012e4      0x266 ./Drivers/STM32F7xx_HAL_Driver/Src/stm32f7xx_hal_tim_ex.o

.debug_aranges  0x0000000000000000      0x998
 .debug_aranges
                0x0000000000000000       0x48 ./Core/Src/main.o
 .debug_aranges
                0x0000000000000048       0x30 ./Core/Src/stm32f7xx_hal_msp.o
 .debug_aranges
                0x0000000000000078       0x68 ./Core/Src/stm32f7xx_it.o
 .debug_aranges
                0x00000000000000e0       0x28 ./Core/Src/system_stm32f7xx.o
 .debug_aranges
                0x0000000000000108       0x28 ./Core/Startup/startup_stm32f767zitx.o
 .debug_aranges
                0x0000000000000130      0x110 ./Drivers/STM32F7xx_HAL_Driver/Src/stm32f7xx_hal.o
 .debug_aranges
                0x0000000000000240      0x118 ./Drivers/STM32F7xx_HAL_Driver/Src/stm32f7xx_hal_cortex.o
 .debug_aranges
                0x0000000000000358       0x58 ./Drivers/STM32F7xx_HAL_Driver/Src/stm32f7xx_hal_gpio.o
 .debug_aranges
                0x00000000000003b0       0x88 ./Drivers/STM32F7xx_HAL_Driver/Src/stm32f7xx_hal_rcc.o
 .debug_aranges
                0x0000000000000438      0x3e0 ./Drivers/STM32F7xx_HAL_Driver/Src/stm32f7xx_hal_tim.o
 .debug_aranges
                0x0000000000000818      0x180 ./Drivers/STM32F7xx_HAL_Driver/Src/stm32f7xx_hal_tim_ex.o

.debug_ranges   0x0000000000000000      0x8f0
 .debug_ranges  0x0000000000000000       0x38 ./Core/Src/main.o
 .debug_ranges  0x0000000000000038       0x20 ./Core/Src/stm32f7xx_hal_msp.o
 .debug_ranges  0x0000000000000058       0x58 ./Core/Src/stm32f7xx_it.o
 .debug_ranges  0x00000000000000b0       0x18 ./Core/Src/system_stm32f7xx.o
 .debug_ranges  0x00000000000000c8       0x20 ./Core/Startup/startup_stm32f767zitx.o
 .debug_ranges  0x00000000000000e8      0x100 ./Drivers/STM32F7xx_HAL_Driver/Src/stm32f7xx_hal.o
 .debug_ranges  0x00000000000001e8      0x108 ./Drivers/STM32F7xx_HAL_Driver/Src/stm32f7xx_hal_cortex.o
 .debug_ranges  0x00000000000002f0       0x48 ./Drivers/STM32F7xx_HAL_Driver/Src/stm32f7xx_hal_gpio.o
 .debug_ranges  0x0000000000000338       0x78 ./Drivers/STM32F7xx_HAL_Driver/Src/stm32f7xx_hal_rcc.o
 .debug_ranges  0x00000000000003b0      0x3d0 ./Drivers/STM32F7xx_HAL_Driver/Src/stm32f7xx_hal_tim.o
 .debug_ranges  0x0000000000000780      0x170 ./Drivers/STM32F7xx_HAL_Driver/Src/stm32f7xx_hal_tim_ex.o

.debug_macro    0x0000000000000000    0x260d3
 .debug_macro   0x0000000000000000      0x1d9 ./Core/Src/main.o
 .debug_macro   0x00000000000001d9      0xac0 ./Core/Src/main.o
 .debug_macro   0x0000000000000c99      0x28d ./Core/Src/main.o
 .debug_macro   0x0000000000000f26       0x2e ./Core/Src/main.o
 .debug_macro   0x0000000000000f54       0x3b ./Core/Src/main.o
 .debug_macro   0x0000000000000f8f       0x22 ./Core/Src/main.o
 .debug_macro   0x0000000000000fb1       0x8e ./Core/Src/main.o
 .debug_macro   0x000000000000103f       0x51 ./Core/Src/main.o
 .debug_macro   0x0000000000001090      0x103 ./Core/Src/main.o
 .debug_macro   0x0000000000001193       0x6a ./Core/Src/main.o
 .debug_macro   0x00000000000011fd      0x1df ./Core/Src/main.o
 .debug_macro   0x00000000000013dc       0x1c ./Core/Src/main.o
 .debug_macro   0x00000000000013f8       0x22 ./Core/Src/main.o
 .debug_macro   0x000000000000141a       0xdf ./Core/Src/main.o
 .debug_macro   0x00000000000014f9     0x12cd ./Core/Src/main.o
 .debug_macro   0x00000000000027c6      0x11f ./Core/Src/main.o
 .debug_macro   0x00000000000028e5       0x19 ./Core/Src/main.o
 .debug_macro   0x00000000000028fe    0x1a9dd ./Core/Src/main.o
 .debug_macro   0x000000000001d2db       0x6d ./Core/Src/main.o
 .debug_macro   0x000000000001d348     0x3714 ./Core/Src/main.o
 .debug_macro   0x0000000000020a5c      0x174 ./Core/Src/main.o
 .debug_macro   0x0000000000020bd0       0x63 ./Core/Src/main.o
 .debug_macro   0x0000000000020c33     0x1add ./Core/Src/main.o
 .debug_macro   0x0000000000022710      0x6c4 ./Core/Src/main.o
 .debug_macro   0x0000000000022dd4      0x18b ./Core/Src/main.o
 .debug_macro   0x0000000000022f5f      0x115 ./Core/Src/main.o
 .debug_macro   0x0000000000023074      0x26e ./Core/Src/main.o
 .debug_macro   0x00000000000232e2       0xa5 ./Core/Src/main.o
 .debug_macro   0x0000000000023387      0x24f ./Core/Src/main.o
 .debug_macro   0x00000000000235d6       0x71 ./Core/Src/main.o
 .debug_macro   0x0000000000023647       0x58 ./Core/Src/main.o
 .debug_macro   0x000000000002369f      0x236 ./Core/Src/main.o
 .debug_macro   0x00000000000238d5      0x14e ./Core/Src/main.o
 .debug_macro   0x0000000000023a23      0x3db ./Core/Src/main.o
 .debug_macro   0x0000000000023dfe       0x12 ./Core/Src/main.o
 .debug_macro   0x0000000000023e10      0x22c ./Core/Src/main.o
 .debug_macro   0x000000000002403c       0x61 ./Core/Src/main.o
 .debug_macro   0x000000000002409d       0xa5 ./Core/Src/main.o
 .debug_macro   0x0000000000024142      0x12e ./Core/Src/main.o
 .debug_macro   0x0000000000024270      0x108 ./Core/Src/main.o
 .debug_macro   0x0000000000024378       0x35 ./Core/Src/main.o
 .debug_macro   0x00000000000243ad      0xa6e ./Core/Src/main.o
 .debug_macro   0x0000000000024e1b       0xa9 ./Core/Src/main.o
 .debug_macro   0x0000000000024ec4      0x15b ./Core/Src/main.o
 .debug_macro   0x000000000002501f      0x1d9 ./Core/Src/stm32f7xx_hal_msp.o
 .debug_macro   0x00000000000251f8      0x1e3 ./Core/Src/stm32f7xx_it.o
 .debug_macro   0x00000000000253db      0x1cf ./Core/Src/system_stm32f7xx.o
 .debug_macro   0x00000000000255aa      0x1f3 ./Drivers/STM32F7xx_HAL_Driver/Src/stm32f7xx_hal.o
 .debug_macro   0x000000000002579d      0x1cf ./Drivers/STM32F7xx_HAL_Driver/Src/stm32f7xx_hal_cortex.o
 .debug_macro   0x000000000002596c      0x1d5 ./Drivers/STM32F7xx_HAL_Driver/Src/stm32f7xx_hal_gpio.o
 .debug_macro   0x0000000000025b41      0x1f3 ./Drivers/STM32F7xx_HAL_Driver/Src/stm32f7xx_hal_rcc.o
 .debug_macro   0x0000000000025d34      0x1d0 ./Drivers/STM32F7xx_HAL_Driver/Src/stm32f7xx_hal_tim.o
 .debug_macro   0x0000000000025f04      0x1cf ./Drivers/STM32F7xx_HAL_Driver/Src/stm32f7xx_hal_tim_ex.o

.debug_line     0x0000000000000000     0xa555
 .debug_line    0x0000000000000000      0x7be ./Core/Src/main.o
 .debug_line    0x00000000000007be      0x6f9 ./Core/Src/stm32f7xx_hal_msp.o
 .debug_line    0x0000000000000eb7      0x799 ./Core/Src/stm32f7xx_it.o
 .debug_line    0x0000000000001650      0x73e ./Core/Src/system_stm32f7xx.o
 .debug_line    0x0000000000001d8e       0x88 ./Core/Startup/startup_stm32f767zitx.o
 .debug_line    0x0000000000001e16      0x9ff ./Drivers/STM32F7xx_HAL_Driver/Src/stm32f7xx_hal.o
 .debug_line    0x0000000000002815      0xc55 ./Drivers/STM32F7xx_HAL_Driver/Src/stm32f7xx_hal_cortex.o
 .debug_line    0x000000000000346a      0xb43 ./Drivers/STM32F7xx_HAL_Driver/Src/stm32f7xx_hal_gpio.o
 .debug_line    0x0000000000003fad      0xe41 ./Drivers/STM32F7xx_HAL_Driver/Src/stm32f7xx_hal_rcc.o
 .debug_line    0x0000000000004dee     0x3bc0 ./Drivers/STM32F7xx_HAL_Driver/Src/stm32f7xx_hal_tim.o
 .debug_line    0x00000000000089ae     0x1ba7 ./Drivers/STM32F7xx_HAL_Driver/Src/stm32f7xx_hal_tim_ex.o

.debug_str      0x0000000000000000    0xf18f4
 .debug_str     0x0000000000000000    0xef07f ./Core/Src/main.o
                                      0xef801 (size before relaxing)
 .debug_str     0x00000000000ef07f      0x68c ./Core/Src/stm32f7xx_hal_msp.o
                                      0xefbcf (size before relaxing)
 .debug_str     0x00000000000ef70b       0xd6 ./Core/Src/stm32f7xx_it.o
                                      0xef4eb (size before relaxing)
 .debug_str     0x00000000000ef7e1      0x178 ./Core/Src/system_stm32f7xx.o
                                      0xef132 (size before relaxing)
 .debug_str     0x00000000000ef959       0x36 ./Core/Startup/startup_stm32f767zitx.o
                                         0xc4 (size before relaxing)
 .debug_str     0x00000000000ef98f      0x3c7 ./Drivers/STM32F7xx_HAL_Driver/Src/stm32f7xx_hal.o
                                      0xefad0 (size before relaxing)
 .debug_str     0x00000000000efd56      0x394 ./Drivers/STM32F7xx_HAL_Driver/Src/stm32f7xx_hal_cortex.o
                                      0xefb3c (size before relaxing)
 .debug_str     0x00000000000f00ea      0x148 ./Drivers/STM32F7xx_HAL_Driver/Src/stm32f7xx_hal_gpio.o
                                      0xef21c (size before relaxing)
 .debug_str     0x00000000000f0232      0x286 ./Drivers/STM32F7xx_HAL_Driver/Src/stm32f7xx_hal_rcc.o
                                      0xef47b (size before relaxing)
 .debug_str     0x00000000000f04b8      0xdef ./Drivers/STM32F7xx_HAL_Driver/Src/stm32f7xx_hal_tim.o
                                      0xf03e1 (size before relaxing)
 .debug_str     0x00000000000f12a7      0x64d ./Drivers/STM32F7xx_HAL_Driver/Src/stm32f7xx_hal_tim_ex.o
                                      0xefca5 (size before relaxing)

.comment        0x0000000000000000       0x53
 .comment       0x0000000000000000       0x53 ./Core/Src/main.o
                                         0x54 (size before relaxing)
 .comment       0x0000000000000053       0x54 ./Core/Src/stm32f7xx_hal_msp.o
 .comment       0x0000000000000053       0x54 ./Core/Src/stm32f7xx_it.o
 .comment       0x0000000000000053       0x54 ./Core/Src/system_stm32f7xx.o
 .comment       0x0000000000000053       0x54 ./Drivers/STM32F7xx_HAL_Driver/Src/stm32f7xx_hal.o
 .comment       0x0000000000000053       0x54 ./Drivers/STM32F7xx_HAL_Driver/Src/stm32f7xx_hal_cortex.o
 .comment       0x0000000000000053       0x54 ./Drivers/STM32F7xx_HAL_Driver/Src/stm32f7xx_hal_gpio.o
 .comment       0x0000000000000053       0x54 ./Drivers/STM32F7xx_HAL_Driver/Src/stm32f7xx_hal_rcc.o
 .comment       0x0000000000000053       0x54 ./Drivers/STM32F7xx_HAL_Driver/Src/stm32f7xx_hal_tim.o
 .comment       0x0000000000000053       0x54 ./Drivers/STM32F7xx_HAL_Driver/Src/stm32f7xx_hal_tim_ex.o

.debug_frame    0x0000000000000000     0x2810
 .debug_frame   0x0000000000000000       0xd4 ./Core/Src/main.o
 .debug_frame   0x00000000000000d4       0x80 ./Core/Src/stm32f7xx_hal_msp.o
 .debug_frame   0x0000000000000154      0x120 ./Core/Src/stm32f7xx_it.o
 .debug_frame   0x0000000000000274       0x58 ./Core/Src/system_stm32f7xx.o
 .debug_frame   0x00000000000002cc      0x3f4 ./Drivers/STM32F7xx_HAL_Driver/Src/stm32f7xx_hal.o
 .debug_frame   0x00000000000006c0      0x498 ./Drivers/STM32F7xx_HAL_Driver/Src/stm32f7xx_hal_cortex.o
 .debug_frame   0x0000000000000b58      0x14c ./Drivers/STM32F7xx_HAL_Driver/Src/stm32f7xx_hal_gpio.o
 .debug_frame   0x0000000000000ca4      0x1f4 ./Drivers/STM32F7xx_HAL_Driver/Src/stm32f7xx_hal_rcc.o
 .debug_frame   0x0000000000000e98     0x121c ./Drivers/STM32F7xx_HAL_Driver/Src/stm32f7xx_hal_tim.o
 .debug_frame   0x00000000000020b4      0x6b0 ./Drivers/STM32F7xx_HAL_Driver/Src/stm32f7xx_hal_tim_ex.o
 .debug_frame   0x0000000000002764       0x2c c:/st/stm32cubeide_1.8.0/stm32cubeide/plugins/com.st.stm32cube.ide.mcu.externaltools.gnu-tools-for-stm32.9-2020-q2-update.win32_2.0.0.202105311346/tools/bin/../lib/gcc/arm-none-eabi/9.3.1/../../../../arm-none-eabi/lib/thumb/v7e-m+dp/hard\libc_nano.a(lib_a-init.o)
 .debug_frame   0x0000000000002790       0x20 c:/st/stm32cubeide_1.8.0/stm32cubeide/plugins/com.st.stm32cube.ide.mcu.externaltools.gnu-tools-for-stm32.9-2020-q2-update.win32_2.0.0.202105311346/tools/bin/../lib/gcc/arm-none-eabi/9.3.1/../../../../arm-none-eabi/lib/thumb/v7e-m+dp/hard\libc_nano.a(lib_a-memset.o)
 .debug_frame   0x00000000000027b0       0x2c c:/st/stm32cubeide_1.8.0/stm32cubeide/plugins/com.st.stm32cube.ide.mcu.externaltools.gnu-tools-for-stm32.9-2020-q2-update.win32_2.0.0.202105311346/tools/bin/../lib/gcc/arm-none-eabi/9.3.1/thumb/v7e-m+dp/hard\libgcc.a(_aeabi_uldivmod.o)
 .debug_frame   0x00000000000027dc       0x34 c:/st/stm32cubeide_1.8.0/stm32cubeide/plugins/com.st.stm32cube.ide.mcu.externaltools.gnu-tools-for-stm32.9-2020-q2-update.win32_2.0.0.202105311346/tools/bin/../lib/gcc/arm-none-eabi/9.3.1/thumb/v7e-m+dp/hard\libgcc.a(_udivmoddi4.o)
