stm32f7xx_hal_usart.c:263:19:HAL_USART_Init	16	static
stm32f7xx_hal_usart.c:325:19:HAL_USART_DeInit	16	static
stm32f7xx_hal_usart.c:368:13:HAL_USART_MspInit	16	static
stm32f7xx_hal_usart.c:383:13:HAL_USART_MspDeInit	16	static
stm32f7xx_hal_usart.c:720:19:HAL_USART_Transmit	48	static
stm32f7xx_hal_usart.c:817:19:HAL_USART_Receive	48	static
stm32f7xx_hal_usart.c:922:19:HAL_USART_TransmitReceive	64	static
stm32f7xx_hal_usart.c:1069:19:HAL_USART_Transmit_IT	24	static
stm32f7xx_hal_usart.c:1132:19:HAL_USART_Receive_IT	24	static
stm32f7xx_hal_usart.c:1210:19:HAL_USART_TransmitReceive_IT	24	static
stm32f7xx_hal_usart.c:1287:19:HAL_USART_Transmit_DMA	32	static
stm32f7xx_hal_usart.c:1372:19:HAL_USART_Receive_DMA	32	static
stm32f7xx_hal_usart.c:1490:19:HAL_USART_TransmitReceive_DMA	32	static
stm32f7xx_hal_usart.c:1610:19:HAL_USART_DMAPause	24	static
stm32f7xx_hal_usart.c:1657:19:HAL_USART_DMAResume	24	static
stm32f7xx_hal_usart.c:1704:19:HAL_USART_DMAStop	16	static
stm32f7xx_hal_usart.c:1764:19:HAL_USART_Abort	16	static
stm32f7xx_hal_usart.c:1855:19:HAL_USART_Abort_IT	24	static
stm32f7xx_hal_usart.c:1980:6:HAL_USART_IRQHandler	40	static
stm32f7xx_hal_usart.c:2176:13:HAL_USART_TxCpltCallback	16	static
stm32f7xx_hal_usart.c:2191:13:HAL_USART_TxHalfCpltCallback	16	static
stm32f7xx_hal_usart.c:2206:13:HAL_USART_RxCpltCallback	16	static
stm32f7xx_hal_usart.c:2221:13:HAL_USART_RxHalfCpltCallback	16	static
stm32f7xx_hal_usart.c:2236:13:HAL_USART_TxRxCpltCallback	16	static
stm32f7xx_hal_usart.c:2251:13:HAL_USART_ErrorCallback	16	static
stm32f7xx_hal_usart.c:2266:13:HAL_USART_AbortCpltCallback	16	static
stm32f7xx_hal_usart.c:2303:24:HAL_USART_GetState	16	static
stm32f7xx_hal_usart.c:2314:10:HAL_USART_GetError	16	static
stm32f7xx_hal_usart.c:2355:13:USART_EndTransfer	16	static
stm32f7xx_hal_usart.c:2370:13:USART_DMATransmitCplt	24	static
stm32f7xx_hal_usart.c:2410:13:USART_DMATxHalfCplt	24	static
stm32f7xx_hal_usart.c:2428:13:USART_DMAReceiveCplt	24	static
stm32f7xx_hal_usart.c:2503:13:USART_DMARxHalfCplt	24	static
stm32f7xx_hal_usart.c:2521:13:USART_DMAError	24	static
stm32f7xx_hal_usart.c:2547:13:USART_DMAAbortOnError	24	static
stm32f7xx_hal_usart.c:2570:13:USART_DMATxAbortCallback	24	static
stm32f7xx_hal_usart.c:2618:13:USART_DMARxAbortCallback	24	static
stm32f7xx_hal_usart.c:2667:26:USART_WaitOnFlagUntilTimeout	24	static
stm32f7xx_hal_usart.c:2695:26:USART_SetConfig	40	static
stm32f7xx_hal_usart.c:2791:26:USART_CheckIdleState	32	static
stm32f7xx_hal_usart.c:2842:13:USART_TxISR_8BIT	24	static
stm32f7xx_hal_usart.c:2876:13:USART_TxISR_16BIT	24	static
stm32f7xx_hal_usart.c:2909:13:USART_EndTransmit_IT	16	static
stm32f7xx_hal_usart.c:2965:13:USART_RxISR_8BIT	24	static
stm32f7xx_hal_usart.c:3045:13:USART_RxISR_16BIT	32	static
